
[7m[1m[36m RUN [39m[22m[27m [36mv1.6.1[39m [90mC:/Users/pelay/OneDrive/Escritorio/crmluz[39m

 [33mÔØ»[39m src/features/tariffs/lib/calculator.test.ts [2m ([22m[2m23 tests[22m [2m|[22m [31m1 failed[39m[2m)[22m[90m 35[2mms[22m[39m
[31m   [33mÔØ»[31m src/features/tariffs/lib/calculator.test.ts[2m > [22mcalculateEnergyComponent[2m > [22mshould throw error if period price is missing[39m
[31m     ÔåÆ expected [Function] to throw an error[39m
node.exe : 
[90mstderr[2m | src/
features/tariffs/lib/c
alculator.test.ts[2m 
> [22m[2mcalculateEn
ergyComponent[2m > 
[22m[2mshould throw 
error if period price 
is missing[22m[39m
En línea: 1 Carácter: 
1
+ & "C:\Program Files\
nodejs/node.exe" 
"C:\Program 
Files\nodejs/node_mo 
...
+ ~~~~~~~~~~~~~~~~~~~~
~~~~~~~~~~~~~~~~~~~~~~
~~~~~~~~~~~~~~~~~~~~~~
~~~~~
    + CategoryInfo    
          : NotSpeci  
  fied: ([90mstder   
 r[2m...ssing[22    
m[39m:String) []    
, RemoteException
    + FullyQualifiedE 
   rrorId : NativeCo  
  mmandError
 
Skipping period P2 - 
no energy price 
configured for this 
tariff


[31mÔÄ»ÔÄ»ÔÄ»ÔÄ»ÔÄ»ÔÄ
»ÔÄ»[1m[7m Failed 
Tests 1 [27m[22mÔÄ»Ô
Ä»ÔÄ»ÔÄ»ÔÄ»ÔÄ»ÔÄ»[39m

[31m[1m[7m FAIL 
[27m[22m[39m src/fe
atures/tariffs/lib/cal
culator.test.ts[2m > 
[22mcalculateEnergyCo
mponent[2m > 
[22mshould throw 
error if period price 
is missing
[31m[1mAssertionErro
r[22m: expected 
[Function] to throw 
an error[39m

[32m- Expected:[39m 
null

[31m+ Received:[39m 
undefined

[36m [2mÔØ»[22m src
/features/tariffs/lib/
calculator.test.ts:[2
m246:12[22m[39m
    [90m244| [39m   
     
[34mexpect[39m(() 
[33m=>[39m {
    [90m245| [39m   
         [34mcalculat
eEnergyComponent[39m(
energyPrices[33m,[39
m [34m5000[39m[33m,
[39m distribution)[3
3m;[39m
    [90m246| [39m   
     })[33m.[39m[34
mtoThrow[39m([32m'Mi
ssing energy price 
for period 
P2'[39m)[33m;[39m
    [90m   | [39m   
        [31m^[39m
    [90m247| [39m   
 })[33m;[39m
    [90m248| 
[39m})[33m;[39m

[31m[2mÔÄ»ÔÄ»ÔÄ»ÔÄ»Ô
Ä»ÔÄ»ÔÄ»ÔÄ»ÔÄ»ÔÄ»ÔÄ»ÔÄ
»ÔÄ»ÔÄ»ÔÄ»ÔÄ»ÔÄ»ÔÄ»ÔÄ»
ÔÄ»ÔÄ»ÔÄ»ÔÄ»ÔÄ»[1/1]ÔÄ
»[22m[39m

[2m Test Files [22m [1m[31m1 failed[39m[22m[90m (1)[39m
[2m      Tests [22m [1m[31m1 failed[39m[22m[2m | [22m[1m[32m22 passed[39m[22m[90m (23)[39m
[2m   Start at [22m 19:33:37
[2m   Duration [22m 2.23s[2m (transform 164ms, setup 0ms, collect 203ms, tests 35ms, environment 1ms, prepare 421ms)[22m

