src/features/guide/useTour.ts(3,1): error TS6133: 'useEffect' is declared but its value is never read.
src/features/messaging/pages/ConversationPage.tsx(7,19): error TS6133: 'AlertCircle' is declared but its value is never read.
