src/features/comparator/components/ComparatorForm.tsx(228,42): error TS2322: Type '(data: Record<string, string | number | null | undefined>) => void' is not assignable to type '(data: unknown) => void'.
  Types of parameters 'data' and 'data' are incompatible.
    Type 'unknown' is not assignable to type 'Record<string, string | number | null | undefined>'.
src/features/tariffs/pages/TariffDetailsPage.tsx(116,50): error TS2339: Property 'tariff_name' does not exist on type 'JoinedTariff'.
src/features/tariffs/pages/TariffDetailsPage.tsx(182,96): error TS7006: Parameter 'rate' implicitly has an 'any' type.
src/features/tariffs/pages/TariffDetailsPage.tsx(196,94): error TS7006: Parameter 'rate' implicitly has an 'any' type.
src/features/tariffs/pages/TariffDetailsPage.tsx(210,73): error TS7006: Parameter 'rate' implicitly has an 'any' type.
